// Jest Snapshot v1, https://goo.gl/fbAQLP

exports[`shallow LineCard should render correctly 1`] = `
<div
  className="card"
>
  <div
    className="card-header"
  >
    <h3 />
  </div>
  <div
    className="card-body"
  >
    <h5 />
  </div>
  <div
    className="card-footer"
  >
    <br />
  </div>
</div>
`;
